Vous n'avez pas saisis assez d'arguments
Utilisation minimale de la commande : analog xxx.log