Affichage Top 10 hits
-----------------------------
/notesif (89 hit(s))
/temps/3IF1.ics (68 hit(s))
/cas/themes/insa/media/favicon.ico (40 hit(s))
/temps/3IF3.ics (33 hit(s))
/SiteWebIF/Intranet-etudiant.php (32 hit(s))
/temps/4IF1.ics (32 hit(s))
/notesif/RSS/RSS_4IF.xml (30 hit(s))
/temps/4IF4.ics (25 hit(s))
/notesif/RSS/RSS_3IF.xml (21 hit(s))
/temps/4IF3.ics (19 hit(s))