argument diff√©rent de .log
Utilisation minimale de la commande : analog xxx.log