Affichage Top 10 hits
-----------------------------
/SiteWebIF/Intranet-etudiant.php (10426 hit(s))
/notesif (4437 hit(s))
/temps/FondInsa.jpg (4267 hit(s))
/temps/suivant.gif (4198 hit(s))
/temps/choix.gif (4191 hit(s))
/temps/precedent.gif (4154 hit(s))
/temps/InsaIF.ico (3068 hit(s))
/temps (2797 hit(s))
/temps/3IF1.ics (2165 hit(s))
/stages/style_pfe.css (1942 hit(s))

