argument diff√©rent de .dot
Utilisation minimale de la commande : analog xxx.log