Vous avez saisis trop d'arguments
Utilisation minimale de la commande : analog xxx.log