Affichage Top 10 hits
-----------------------------
/SiteWebIF/Intranet-etudiant.php (10426 hit(s))
/notesif (4437 hit(s))
/temps (2797 hit(s))
/temps/4IF39.html (1865 hit(s))
/temps/4IF38.html (1565 hit(s))
/temps/4IF40.html (1203 hit(s))
/temps/5IF39.html (1177 hit(s))
/temps/3IF38.html (1065 hit(s))
/temps/3IF40.html (991 hit(s))
/temps/4IF41.html (793 hit(s))

