Affichage Top 10 hits
-----------------------------
/notesif (89 hit(s))
/SiteWebIF/Intranet-etudiant.php (32 hit(s))
/notesif/RSS/RSS_4IF.xml (30 hit(s))
/notesif/RSS/RSS_3IF.xml (21 hit(s))
/robots.txt (12 hit(s))
/temps (7 hit(s))
/temps/4IF44.html (5 hit(s))
/temps/4IF38.html (5 hit(s))
/temps/choix_3if.html (4 hit(s))
 (3 hit(s))

