Mauvais arguments
Utilisation minimale de la commande : analog xxx.log